Archive member included because of file (symbol)

c:/program files (x86)/gnu tools arm embedded/4.7 2013q3/bin/../lib/gcc/arm-none-eabi/4.7.4/../../../../arm-none-eabi/lib/armv7-m\libm.a(lib_a-s_cos.o)
                              ..\obj\GLCD_SG.o (cos)
c:/program files (x86)/gnu tools arm embedded/4.7 2013q3/bin/../lib/gcc/arm-none-eabi/4.7.4/../../../../arm-none-eabi/lib/armv7-m\libm.a(lib_a-s_sin.o)
                              ..\obj\GLCD_SG.o (sin)
c:/program files (x86)/gnu tools arm embedded/4.7 2013q3/bin/../lib/gcc/arm-none-eabi/4.7.4/../../../../arm-none-eabi/lib/armv7-m\libm.a(lib_a-e_rem_pio2.o)
                              c:/program files (x86)/gnu tools arm embedded/4.7 2013q3/bin/../lib/gcc/arm-none-eabi/4.7.4/../../../../arm-none-eabi/lib/armv7-m\libm.a(lib_a-s_cos.o) (__ieee754_rem_pio2)
c:/program files (x86)/gnu tools arm embedded/4.7 2013q3/bin/../lib/gcc/arm-none-eabi/4.7.4/../../../../arm-none-eabi/lib/armv7-m\libm.a(lib_a-k_cos.o)
                              c:/program files (x86)/gnu tools arm embedded/4.7 2013q3/bin/../lib/gcc/arm-none-eabi/4.7.4/../../../../arm-none-eabi/lib/armv7-m\libm.a(lib_a-s_cos.o) (__kernel_cos)
c:/program files (x86)/gnu tools arm embedded/4.7 2013q3/bin/../lib/gcc/arm-none-eabi/4.7.4/../../../../arm-none-eabi/lib/armv7-m\libm.a(lib_a-k_rem_pio2.o)
                              c:/program files (x86)/gnu tools arm embedded/4.7 2013q3/bin/../lib/gcc/arm-none-eabi/4.7.4/../../../../arm-none-eabi/lib/armv7-m\libm.a(lib_a-e_rem_pio2.o) (__kernel_rem_pio2)
c:/program files (x86)/gnu tools arm embedded/4.7 2013q3/bin/../lib/gcc/arm-none-eabi/4.7.4/../../../../arm-none-eabi/lib/armv7-m\libm.a(lib_a-k_sin.o)
                              c:/program files (x86)/gnu tools arm embedded/4.7 2013q3/bin/../lib/gcc/arm-none-eabi/4.7.4/../../../../arm-none-eabi/lib/armv7-m\libm.a(lib_a-s_cos.o) (__kernel_sin)
c:/program files (x86)/gnu tools arm embedded/4.7 2013q3/bin/../lib/gcc/arm-none-eabi/4.7.4/../../../../arm-none-eabi/lib/armv7-m\libm.a(lib_a-s_fabs.o)
                              c:/program files (x86)/gnu tools arm embedded/4.7 2013q3/bin/../lib/gcc/arm-none-eabi/4.7.4/../../../../arm-none-eabi/lib/armv7-m\libm.a(lib_a-e_rem_pio2.o) (fabs)
c:/program files (x86)/gnu tools arm embedded/4.7 2013q3/bin/../lib/gcc/arm-none-eabi/4.7.4/../../../../arm-none-eabi/lib/armv7-m\libm.a(lib_a-s_floor.o)
                              c:/program files (x86)/gnu tools arm embedded/4.7 2013q3/bin/../lib/gcc/arm-none-eabi/4.7.4/../../../../arm-none-eabi/lib/armv7-m\libm.a(lib_a-k_rem_pio2.o) (floor)
c:/program files (x86)/gnu tools arm embedded/4.7 2013q3/bin/../lib/gcc/arm-none-eabi/4.7.4/../../../../arm-none-eabi/lib/armv7-m\libm.a(lib_a-s_scalbn.o)
                              c:/program files (x86)/gnu tools arm embedded/4.7 2013q3/bin/../lib/gcc/arm-none-eabi/4.7.4/../../../../arm-none-eabi/lib/armv7-m\libm.a(lib_a-k_rem_pio2.o) (scalbn)
c:/program files (x86)/gnu tools arm embedded/4.7 2013q3/bin/../lib/gcc/arm-none-eabi/4.7.4/../../../../arm-none-eabi/lib/armv7-m\libm.a(lib_a-s_copysign.o)
                              c:/program files (x86)/gnu tools arm embedded/4.7 2013q3/bin/../lib/gcc/arm-none-eabi/4.7.4/../../../../arm-none-eabi/lib/armv7-m\libm.a(lib_a-s_scalbn.o) (copysign)
c:/program files (x86)/gnu tools arm embedded/4.7 2013q3/bin/../lib/gcc/arm-none-eabi/4.7.4/armv7-m\libgcc.a(_arm_addsubdf3.o)
                              c:/program files (x86)/gnu tools arm embedded/4.7 2013q3/bin/../lib/gcc/arm-none-eabi/4.7.4/../../../../arm-none-eabi/lib/armv7-m\libm.a(lib_a-s_cos.o) (__aeabi_dsub)
c:/program files (x86)/gnu tools arm embedded/4.7 2013q3/bin/../lib/gcc/arm-none-eabi/4.7.4/armv7-m\libgcc.a(_arm_muldivdf3.o)
                              ..\obj\GLCD_SG.o (__aeabi_dmul)
c:/program files (x86)/gnu tools arm embedded/4.7 2013q3/bin/../lib/gcc/arm-none-eabi/4.7.4/armv7-m\libgcc.a(_arm_cmpdf2.o)
                              ..\obj\touchPanel.o (__aeabi_dcmpeq)
c:/program files (x86)/gnu tools arm embedded/4.7 2013q3/bin/../lib/gcc/arm-none-eabi/4.7.4/armv7-m\libgcc.a(_arm_fixdfsi.o)
                              c:/program files (x86)/gnu tools arm embedded/4.7 2013q3/bin/../lib/gcc/arm-none-eabi/4.7.4/../../../../arm-none-eabi/lib/armv7-m\libm.a(lib_a-e_rem_pio2.o) (__aeabi_d2iz)
c:/program files (x86)/gnu tools arm embedded/4.7 2013q3/bin/../lib/gcc/arm-none-eabi/4.7.4/armv7-m\libgcc.a(_arm_fixunsdfsi.o)
                              ..\obj\GLCD_SG.o (__aeabi_d2uiz)
c:/program files (x86)/gnu tools arm embedded/4.7 2013q3/bin/../lib/gcc/arm-none-eabi/4.7.4/../../../../arm-none-eabi/lib/armv7-m\libc.a(lib_a-malloc.o)
                              ..\obj\memoryGame.o (malloc)
c:/program files (x86)/gnu tools arm embedded/4.7 2013q3/bin/../lib/gcc/arm-none-eabi/4.7.4/../../../../arm-none-eabi/lib/armv7-m\libc.a(lib_a-mallocr.o)
[...]
Memory Configuration

Name             Origin             Length             Attributes
rom              0x08000000         0x00080000         xr
ram              0x20000000         0x00010000         xrw
*default*        0x00000000         0xffffffff

Linker script and memory map

                0x20010000                _eram = 0x20010000

.text           0x08000000     0x8c58
 *(.isr_vector)
 .isr_vector    0x08000000      0x134 ..\obj\startup_stm32f10x_hd.o
                0x08000000                g_pfnVectors
 *(.text*)
 .text.initial_Screen
                0x08000134       0x50 ..\obj\memoryGame.o
                0x08000134                initial_Screen
 .text.set_Seed
                0x08000184       0xcc ..\obj\memoryGame.o
                0x08000184                set_Seed
 .text.generate_Sequence
                0x08000250       0x74 ..\obj\memoryGame.o
                0x08000250                generate_Sequence
 .text.display_Sequence
                0x080002c4       0xfc ..\obj\memoryGame.o
                0x080002c4                display_Sequence
 .text.take_Movements
                0x080003c0      0x178 ..\obj\memoryGame.o
                0x080003c0                take_Movements
 .text.compare_Sequences
                0x08000538       0x70 ..\obj\memoryGame.o
                0x08000538                compare_Sequences
 .text.end_Game
                0x080005a8      0x114 ..\obj\memoryGame.o
                0x080005a8                end_Game
 .text.display_Score
                0x080006bc       0xd8 ..\obj\memoryGame.o
                0x080006bc                display_Score
 .text.draw_Joystick
                0x08000794       0xf8 ..\obj\memoryGame.o
                0x08000794                draw_Joystick
 .text.LCD_CtrlLinesConfig
                0x0800088c       0xac ..\obj\GLCD_SG.o
 .text.LCD_FSMCConfig
                0x08000938       0xd8 ..\obj\GLCD_SG.o
 .text.LCD_Configuration
                0x08000a10       0x10 ..\obj\GLCD_SG.o
 .text.LCD_WriteCommand
                0x08000a20       0x1c ..\obj\GLCD_SG.o
 .text.LCD_WriteData
                0x08000a3c       0x20 ..\obj\GLCD_SG.o
 .text.SSD1963_GPIO_WR
                0x08000a5c       0x74 ..\obj\GLCD_SG.o
 .text.SSD1963_SPI_Write
                0x08000ad0       0x6c ..\obj\GLCD_SG.o
 .text.SSD1963_SPI_WriteReg
                0x08000b3c       0x60 ..\obj\GLCD_SG.o
 .text.LCD_Initialization
                0x08000b9c      0x2d0 ..\obj\GLCD_SG.o
                0x08000b9c                LCD_Initialization
 .text.LCD_SetArea
                0x08000e6c       0x80 ..\obj\GLCD_SG.o
 .text.LCD_SetBacklight
                0x08000eec       0x4c ..\obj\GLCD_SG.o
                0x08000eec                LCD_SetBacklight
 .text.LCD_Clear
                0x08000f38       0x54 ..\obj\GLCD_SG.o
                0x08000f38                LCD_Clear
 .text.LCD_SetPoint
                0x08000f8c       0x48 ..\obj\GLCD_SG.o
                0x08000f8c                LCD_SetPoint
 .text.LCD_DrawLine
                0x08000fd4      0x1b0 ..\obj\GLCD_SG.o
                0x08000fd4                LCD_DrawLine
 .text.PutChar  0x08001184       0xac ..\obj\GLCD_SG.o
                0x08001184                PutChar
 .text.GUI_Text
                0x08001230       0x78 ..\obj\GLCD_SG.o
                0x08001230                GUI_Text
 .text.LCD_FillArea
                0x080012a8       0x80 ..\obj\GLCD_SG.o
                0x080012a8                LCD_FillArea
 .text.SystemInit
                0x08001328       0xa8 ..\obj\system_stm32f10x.o
                0x08001328                SystemInit
 .text.SetSysClock
                0x080013d0        0xc ..\obj\system_stm32f10x.o
 .text.SetSysClockTo72
                0x080013dc      0x1ac ..\obj\system_stm32f10x.o
 .text.Default_Reset_Handler
                0x08001588       0x70 ..\obj\startup_stm32f10x_hd.o
                0x08001588                Default_Reset_Handler
                0x08001588                Reset_Handler
 .text.Default_Handler
                0x080015f8        0x8 ..\obj\startup_stm32f10x_hd.o
                0x080015f8                EXTI2_IRQHandler
                0x080015f8                TIM8_TRG_COM_IRQHandler
                0x080015f8                TIM8_CC_IRQHandler
                0x080015f8                DebugMon_Handler
                0x080015f8                TIM1_CC_IRQHandler
                0x080015f8                HardFault_Handler
                0x080015f8                TIM6_IRQHandler
                0x080015f8                SysTick_Handler
                0x080015f8                PVD_IRQHandler
                0x080015f8                SDIO_IRQHandler
                0x080015f8                PendSV_Handler
                0x080015f8                NMI_Handler
                0x080015f8                EXTI3_IRQHandler
                0x080015f8                EXTI0_IRQHandler
                0x080015f8                I2C2_EV_IRQHandler
                0x080015f8                UsageFault_Handler
                0x080015f8                ADC1_2_IRQHandler
                0x080015f8                SPI1_IRQHandler
                0x080015f8                TAMPER_IRQHandler
                0x080015f8                TIM8_UP_IRQHandler
                0x080015f8                DMA2_Channel2_IRQHandler
                0x080015f8                DMA1_Channel4_IRQHandler
                0x080015f8                USART3_IRQHandler
                0x080015f8                RTC_IRQHandler
                0x080015f8                DMA1_Channel7_IRQHandler
                0x080015f8                CAN1_RX1_IRQHandler
                0x080015f8                UART5_IRQHandler
                0x080015f8                ADC3_IRQHandler
                0x080015f8                TIM4_IRQHandler
                0x080015f8                DMA2_Channel1_IRQHandler
                0x080015f8                I2C1_EV_IRQHandler
                0x080015f8                DMA1_Channel6_IRQHandler
                0x080015f8                UART4_IRQHandler
                0x080015f8                TIM3_IRQHandler
                0x080015f8                RCC_IRQHandler
                0x080015f8                TIM1_TRG_COM_IRQHandler
                0x080015f8                DMA1_Channel1_IRQHandler
                0x080015f8                EXTI15_10_IRQHandler
                0x080015f8                TIM7_IRQHandler
                0x080015f8                TIM5_IRQHandler
                0x080015f8                EXTI9_5_IRQHandler
                0x080015f8                SPI2_IRQHandler
                0x080015f8                MemManage_Handler
                0x080015f8                SVC_Handler
                0x080015f8                DMA1_Channel5_IRQHandler
                0x080015f8                EXTI4_IRQHandler
                0x080015f8                USB_LP_CAN1_RX0_IRQHandler
                0x080015f8                USB_HP_CAN1_TX_IRQHandler
                0x080015f8                DMA1_Channel3_IRQHandler
                0x080015f8                FSMC_IRQHandler
                0x080015f8                TIM1_UP_IRQHandler
                0x080015f8                WWDG_IRQHandler
                0x080015f8                TIM2_IRQHandler
                0x080015f8                TIM1_BRK_IRQHandler
                0x080015f8                EXTI1_IRQHandler
                0x080015f8                RTCAlarm_IRQHandler
                0x080015f8                DMA2_Channel4_5_IRQHandler
                0x080015f8                USART2_IRQHandler
                0x080015f8                I2C2_ER_IRQHandler
                0x080015f8                DMA1_Channel2_IRQHandler
                0x080015f8                TIM8_BRK_IRQHandler
                0x080015f8                CAN1_SCE_IRQHandler
                0x080015f8                FLASH_IRQHandler
                0x080015f8                BusFault_Handler
                0x080015f8                USART1_IRQHandler
                0x080015f8                SPI3_IRQHandler
                0x080015f8                I2C1_ER_IRQHandler
                0x080015f8                USBWakeUp_IRQHandler
                0x080015f8                DMA2_Channel3_IRQHandler
 .text.FSMC_NORSRAMInit
                0x08001600      0x150 ..\obj\stm32f10x_fsmc.o
                0x08001600                FSMC_NORSRAMInit
 .text.FSMC_NORSRAMCmd
                0x08001750       0x54 ..\obj\stm32f10x_fsmc.o
                0x08001750                FSMC_NORSRAMCmd
 .text.GPIO_Init
                0x080017a4      0x1b0 ..\obj\stm32f10x_gpio.o
                0x080017a4                GPIO_Init
 .text.GPIO_ReadInputDataBit
                0x08001954       0x3c ..\obj\stm32f10x_gpio.o
                0x08001954                GPIO_ReadInputDataBit
 .text.main     0x08001990      0x118 ..\obj\main.o
                0x08001990                main
 .text.GetASCIICode
                0x08001aa8       0x3c ..\obj\AsciiLib.o
                0x08001aa8                GetASCIICode
 .text.RCC_ADCCLKConfig
                0x08001ae4       0x40 ..\obj\stm32f10x_rcc.o
                0x08001ae4                RCC_ADCCLKConfig
 .text.RCC_GetClocksFreq
                0x08001b24      0x1d4 ..\obj\stm32f10x_rcc.o
                0x08001b24                RCC_GetClocksFreq
 .text.RCC_AHBPeriphClockCmd
                0x08001cf8       0x54 ..\obj\stm32f10x_rcc.o
                0x08001cf8                RCC_AHBPeriphClockCmd
 .text.RCC_APB2PeriphClockCmd
                0x08001d4c       0x54 ..\obj\stm32f10x_rcc.o
                0x08001d4c                RCC_APB2PeriphClockCmd
 .text.ADC_Init
                0x08001da0       0xb0 ..\obj\stm32f10x_adc.o
                0x08001da0                ADC_Init
 .text.ADC_Cmd  0x08001e50       0x38 ..\obj\stm32f10x_adc.o
                0x08001e50                ADC_Cmd
 .text.ADC_ResetCalibration
                0x08001e88       0x20 ..\obj\stm32f10x_adc.o
                0x08001e88                ADC_ResetCalibration
 .text.ADC_GetResetCalibrationStatus
                0x08001ea8       0x38 ..\obj\stm32f10x_adc.o
                0x08001ea8                ADC_GetResetCalibrationStatus
 .text.ADC_StartCalibration
                0x08001ee0       0x20 ..\obj\stm32f10x_adc.o
                0x08001ee0                ADC_StartCalibration
 .text.ADC_GetCalibrationStatus
                0x08001f00       0x38 ..\obj\stm32f10x_adc.o
                0x08001f00                ADC_GetCalibrationStatus
 .text.ADC_SoftwareStartConvCmd
                0x08001f38       0x38 ..\obj\stm32f10x_adc.o
                0x08001f38                ADC_SoftwareStartConvCmd
 .text.ADC_RegularChannelConfig
                0x08001f70      0x1bc ..\obj\stm32f10x_adc.o
                0x08001f70                ADC_RegularChannelConfig
 .text.ADC_GetConversionValue
                0x0800212c       0x1c ..\obj\stm32f10x_adc.o
                0x0800212c                ADC_GetConversionValue
 .text.ADC_GetFlagStatus
                0x08002148       0x3c ..\obj\stm32f10x_adc.o
                0x08002148                ADC_GetFlagStatus
 .text._sbrk    0x08002184       0x5c ..\obj\syscalls.o
                0x08002184                _sbrk
 .text.adc_init
                0x080021e0      0x14c ..\obj\adc.o
                0x080021e0                adc_init
 .text.adc_scan
                0x0800232c       0x4c ..\obj\adc.o
                0x0800232c                adc_scan
 .text.joy_init
                0x08002378       0x40 ..\obj\joystick.o
                0x08002378                joy_init
 .text.joy_scan
                0x080023b8       0xac ..\obj\joystick.o
                0x080023b8                joy_scan
 .text.SysTick_CLKSourceConfig
                0x08002464       0x4c ..\obj\misc.o
                0x08002464                SysTick_CLKSourceConfig
 .text.delay_init
                0x080024b0       0x64 ..\obj\systick.o
                0x080024b0                delay_init
 .text.delay_ms
                0x08002514       0x6c ..\obj\systick.o
                0x08002514                delay_ms
 .text.Systick_on_ms
                0x08002580       0x4c ..\obj\systick.o
                0x08002580                Systick_on_ms
 .text.Systick_off
                0x080025cc       0x18 ..\obj\systick.o
                0x080025cc                Systick_off
 .text.Systick_check_time_out
                0x080025e4       0x20 ..\obj\systick.o
                0x080025e4                Systick_check_time_out
 .text.SysTick_SetReload
                0x08002604       0x20 ..\obj\stm32f10x_systick.o
                0x08002604                SysTick_SetReload
 .text.SysTick_CounterCmd
                0x08002624       0x64 ..\obj\stm32f10x_systick.o
                0x08002624                SysTick_CounterCmd
 .text.SysTick_ITConfig
                0x08002688       0x4c ..\obj\stm32f10x_systick.o
                0x08002688                SysTick_ITConfig
 .text.SysTick_GetFlagStatus
                0x080026d4       0x74 ..\obj\stm32f10x_systick.o
                0x080026d4                SysTick_GetFlagStatus
 .text          0x08002748      0x370 c:/program files (x86)/gnu tools arm embedded/4.7 2013q3/bin/../lib/gcc/arm-none-eabi/4.7.4/armv7-m\libgcc.a(_arm_addsubdf3.o)
                0x08002748                __aeabi_drsub
                0x08002750                __aeabi_dsub
                0x08002750                __subdf3
                0x08002754                __aeabi_dadd
                0x08002754                __adddf3
                0x080029cc                __floatunsidf
                0x080029cc                __aeabi_ui2d
                0x080029ec                __floatsidf
                0x080029ec                __aeabi_i2d
                0x08002a10                __aeabi_f2d
                0x08002a10                __extendsfdf2
                0x08002a4c                __floatundidf
                0x08002a4c                __aeabi_ul2d
                0x08002a5c                __floatdidf
                0x08002a5c                __aeabi_l2d
 .text          0x08002ab8      0x424 c:/program files (x86)/gnu tools arm embedded/4.7 2013q3/bin/../lib/gcc/arm-none-eabi/4.7.4/armv7-m\libgcc.a(_arm_muldivdf3.o)
                0x08002ab8                __aeabi_dmul
                0x08002ab8                __muldf3
                0x08002d0c                __divdf3
                0x08002d0c                __aeabi_ddiv
 .text          0x08002edc      0x110 c:/program files (x86)/gnu tools arm embedded/4.7 2013q3/bin/../lib/gcc/arm-none-eabi/4.7.4/armv7-m\libgcc.a(_arm_cmpdf2.o)
                0x08002edc                __gtdf2
                0x08002edc                __gedf2
                0x08002ee4                __ltdf2
                0x08002ee4                __ledf2
                0x08002eec                __nedf2
                0x08002eec                __eqdf2
                0x08002eec                __cmpdf2
                0x08002f68                __aeabi_cdrcmple
                0x08002f78                __aeabi_cdcmpeq
                0x08002f78                __aeabi_cdcmple
                0x08002f88                __aeabi_dcmpeq
                0x08002f9c                __aeabi_dcmplt
                0x08002fb0                __aeabi_dcmple
                0x08002fc4                __aeabi_dcmpge
                0x08002fd8                __aeabi_dcmpgt
 .text          0x08002fec       0x50 c:/program files (x86)/gnu tools arm embedded/4.7 2013q3/bin/../lib/gcc/arm-none-eabi/4.7.4/armv7-m\libgcc.a(_arm_fixdfsi.o)
                0x08002fec                __aeabi_d2iz
                0x08002fec                __fixdfsi
 .text          0x0800303c       0x40 c:/program files (x86)/gnu tools arm embedded/4.7 2013q3/bin/../lib/gcc/arm-none-eabi/4.7.4/armv7-m\libgcc.a(_arm_fixunsdfsi.o)
                0x0800303c                __aeabi_d2uiz
                0x0800303c                __fixunsdfsi
 .text.malloc   0x0800307c       0x10 c:/program files (x86)/gnu tools arm embedded/4.7 2013q3/bin/../lib/gcc/arm-none-eabi/4.7.4/../../../../arm-none-eabi/lib/armv7-m\libc.a(lib_a-malloc.o)
                0x0800307c                malloc
 .text._malloc_r
                0x0800308c      0x530 c:/program files (x86)/gnu tools arm embedded/4.7 2013q3/bin/../lib/gcc/arm-none-eabi/4.7.4/../../../../arm-none-eabi/lib/armv7-m\libc.a(lib_a-mallocr.o)
                0x0800308c                _malloc_r
 .text.memset   0x080035bc      0x12c c:/program files (x86)/gnu tools arm embedded/4.7 2013q3/bin/../lib/gcc/arm-none-eabi/4.7.4/../../../../arm-none-eabi/lib/armv7-m\libc.a(lib_a-memset.o)
                0x080035bc                memset
 .text.__malloc_lock
                0x080036e8        0x4 c:/program files (x86)/gnu tools arm embedded/4.7 2013q3/bin/../lib/gcc/arm-none-eabi/4.7.4/../../../../arm-none-eabi/lib/armv7-m\libc.a(lib_a-mlock.o)
                0x080036e8                __malloc_lock
 .text.__malloc_unlock
                0x080036ec        0x4 c:/program files (x86)/gnu tools arm embedded/4.7 2013q3/bin/../lib/gcc/arm-none-eabi/4.7.4/../../../../arm-none-eabi/lib/armv7-m\libc.a(lib_a-mlock.o)
                0x080036ec                __malloc_unlock
 .text.srand    0x080036f0       0x18 c:/program files (x86)/gnu tools arm embedded/4.7 2013q3/bin/../lib/gcc/arm-none-eabi/4.7.4/../../../../arm-none-eabi/lib/armv7-m\libc.a(lib_a-rand.o)
                0x080036f0                srand
 .text.rand     0x08003708       0x48 c:/program files (x86)/gnu tools arm embedded/4.7 2013q3/bin/../lib/gcc/arm-none-eabi/4.7.4/../../../../arm-none-eabi/lib/armv7-m\libc.a(lib_a-rand.o)
                0x08003708                rand
 .text._sbrk_r  0x08003750       0x24 c:/program files (x86)/gnu tools arm embedded/4.7 2013q3/bin/../lib/gcc/arm-none-eabi/4.7.4/../../../../arm-none-eabi/lib/armv7-m\libc.a(lib_a-sbrkr.o)
                0x08003750                _sbrk_r
 .text.sprintf  0x08003774       0x50 c:/program files (x86)/gnu tools arm embedded/4.7 2013q3/bin/../lib/gcc/arm-none-eabi/4.7.4/../../../../arm-none-eabi/lib/armv7-m\libc.a(lib_a-sprintf.o)
                0x08003774                sprintf
 .text._svfprintf_r
                0x080037c4     0x1adc c:/program files (x86)/gnu tools arm embedded/4.7 2013q3/bin/../lib/gcc/arm-none-eabi/4.7.4/../../../../arm-none-eabi/lib/armv7-m\libc.a(lib_a-svfprintf.o)
                0x080037c4                _svfprintf_r
 .text.quorem   0x080052a0      0x2ec c:/program files (x86)/gnu tools arm embedded/4.7 2013q3/bin/../lib/gcc/arm-none-eabi/4.7.4/../../../../arm-none-eabi/lib/armv7-m\libc.a(lib_a-dtoa.o)
 *fill*         0x0800558c        0x4 00
 .text._dtoa_r  0x08005590     0x11f8 c:/program files (x86)/gnu tools arm embedded/4.7 2013q3/bin/../lib/gcc/arm-none-eabi/4.7.4/../../../../arm-none-eabi/lib/armv7-m\libc.a(lib_a-dtoa.o)
                0x08005590                _dtoa_r
 .text._malloc_trim_r
                0x08006788       0x98 c:/program files (x86)/gnu tools arm embedded/4.7 2013q3/bin/../lib/gcc/arm-none-eabi/4.7.4/../../../../arm-none-eabi/lib/armv7-m\libc.a(lib_a-freer.o)
                0x08006788                _malloc_trim_r
 .text._free_r  0x08006820      0x194 c:/program files (x86)/gnu tools arm embedded/4.7 2013q3/bin/../lib/gcc/arm-none-eabi/4.7.4/../../../../arm-none-eabi/lib/armv7-m\libc.a(lib_a-freer.o)
                0x08006820                _free_r
 .text._localeconv_r
                0x080069b4        0xc c:/program files (x86)/gnu tools arm embedded/4.7 2013q3/bin/../lib/gcc/arm-none-eabi/4.7.4/../../../../arm-none-eabi/lib/armv7-m\libc.a(lib_a-locale.o)
                0x080069b4                _localeconv_r
 .text.memchr   0x080069c0      0x140 c:/program files (x86)/gnu tools arm embedded/4.7 2013q3/bin/../lib/gcc/arm-none-eabi/4.7.4/../../../../arm-none-eabi/lib/armv7-m\libc.a(lib_a-memchr.o)
                0x080069c0                memchr
 .text.memcpy   0x08006b00      0x15c c:/program files (x86)/gnu tools arm embedded/4.7 2013q3/bin/../lib/gcc/arm-none-eabi/4.7.4/../../../../arm-none-eabi/lib/armv7-m\libc.a(lib_a-memcpy.o)
                0x08006b00                memcpy
 .text._Balloc  0x08006c5c       0x4c c:/program files (x86)/gnu tools arm embedded/4.7 2013q3/bin/../lib/gcc/arm-none-eabi/4.7.4/../../../../arm-none-eabi/lib/armv7-m\libc.a(lib_a-mprec.o)
                0x08006c5c                _Balloc
 .text._Bfree   0x08006ca8       0x14 c:/program files (x86)/gnu tools arm embedded/4.7 2013q3/bin/../lib/gcc/arm-none-eabi/4.7.4/../../../../arm-none-eabi/lib/armv7-m\libc.a(lib_a-mprec.o)
                0x08006ca8                _Bfree
 .text.__multadd
                0x08006cbc       0xfc c:/program files (x86)/gnu tools arm embedded/4.7 2013q3/bin/../lib/gcc/arm-none-eabi/4.7.4/../../../../arm-none-eabi/lib/armv7-m\libc.a(lib_a-mprec.o)
                0x08006cbc                __multadd
 .text.__hi0bits
                0x08006db8       0x3c c:/program files (x86)/gnu tools arm embedded/4.7 2013q3/bin/../lib/gcc/arm-none-eabi/4.7.4/../../../../arm-none-eabi/lib/armv7-m\libc.a(lib_a-mprec.o)
                0x08006db8                __hi0bits
 .text.__lo0bits
                0x08006df4       0x5c c:/program files (x86)/gnu tools arm embedded/4.7 2013q3/bin/../lib/gcc/arm-none-eabi/4.7.4/../../../../arm-none-eabi/lib/armv7-m\libc.a(lib_a-mprec.o)
                0x08006df4                __lo0bits
 .text.__i2b    0x08006e50       0x14 c:/program files (x86)/gnu tools arm embedded/4.7 2013q3/bin/../lib/gcc/arm-none-eabi/4.7.4/../../../../arm-none-eabi/lib/armv7-m\libc.a(lib_a-mprec.o)
                0x08006e50                __i2b
 .text.__multiply
                0x08006e64      0x2d0 c:/program files (x86)/gnu tools arm embedded/4.7 2013q3/bin/../lib/gcc/arm-none-eabi/4.7.4/../../../../arm-none-eabi/lib/armv7-m\libc.a(lib_a-mprec.o)
                0x08006e64                __multiply
 .text.__pow5mult
                0x08007134       0x94 c:/program files (x86)/gnu tools arm embedded/4.7 2013q3/bin/../lib/gcc/arm-none-eabi/4.7.4/../../../../arm-none-eabi/lib/armv7-m\libc.a(lib_a-mprec.o)
                0x08007134                __pow5mult
 .text.__lshift
                0x080071c8      0x16c c:/program files (x86)/gnu tools arm embedded/4.7 2013q3/bin/../lib/gcc/arm-none-eabi/4.7.4/../../../../arm-none-eabi/lib/armv7-m\libc.a(lib_a-mprec.o)
                0x080071c8                __lshift
 .text.__mcmp   0x08007334       0x5c c:/program files (x86)/gnu tools arm embedded/4.7 2013q3/bin/../lib/gcc/arm-none-eabi/4.7.4/../../../../arm-none-eabi/lib/armv7-m\libc.a(lib_a-mprec.o)
                0x08007334                __mcmp
 .text.__mdiff  0x08007390      0x218 c:/program files (x86)/gnu tools arm embedded/4.7 2013q3/bin/../lib/gcc/arm-none-eabi/4.7.4/../../../../arm-none-eabi/lib/armv7-m\libc.a(lib_a-mprec.o)
                0x08007390                __mdiff
 .text.__d2b    0x080075a8       0xc0 c:/program files (x86)/gnu tools arm embedded/4.7 2013q3/bin/../lib/gcc/arm-none-eabi/4.7.4/../../../../arm-none-eabi/lib/armv7-m\libc.a(lib_a-mprec.o)
                0x080075a8                __d2b
 .text.__fpclassifyd
                0x08007668       0x68 c:/program files (x86)/gnu tools arm embedded/4.7 2013q3/bin/../lib/gcc/arm-none-eabi/4.7.4/../../../../arm-none-eabi/lib/armv7-m\libc.a(lib_a-s_fpclassify.o)
                0x08007668                __fpclassifyd
 .text.strlen   0x080076d0       0x60 c:/program files (x86)/gnu tools arm embedded/4.7 2013q3/bin/../lib/gcc/arm-none-eabi/4.7.4/../../../../arm-none-eabi/lib/armv7-m\libc.a(lib_a-strlen.o)
                0x080076d0                strlen
 .text.__ssprint_r
                0x08007730      0x100 c:/program files (x86)/gnu tools arm embedded/4.7 2013q3/bin/../lib/gcc/arm-none-eabi/4.7.4/../../../../arm-none-eabi/lib/armv7-m\libc.a(lib_a-svfiprintf.o)
                0x08007730                __ssprint_r
 .text._calloc_r
                0x08007830       0x60 c:/program files (x86)/gnu tools arm embedded/4.7 2013q3/bin/../lib/gcc/arm-none-eabi/4.7.4/../../../../arm-none-eabi/lib/armv7-m\libc.a(lib_a-callocr.o)
                0x08007830                _calloc_r
 .text.memmove  0x08007890      0x1b0 c:/program files (x86)/gnu tools arm embedded/4.7 2013q3/bin/../lib/gcc/arm-none-eabi/4.7.4/../../../../arm-none-eabi/lib/armv7-m\libc.a(lib_a-memmove.o)
                0x08007890                memmove
 .text._realloc_r
                0x08007a40      0x3ec c:/program files (x86)/gnu tools arm embedded/4.7 2013q3/bin/../lib/gcc/arm-none-eabi/4.7.4/../../../../arm-none-eabi/lib/armv7-m\libc.a(lib_a-reallocr.o)
                0x08007a40                _realloc_r
 .text          0x08007e2c       0x2c c:/program files (x86)/gnu tools arm embedded/4.7 2013q3/bin/../lib/gcc/arm-none-eabi/4.7.4/armv7-m\libgcc.a(_aeabi_uldivmod.o)
                0x08007e2c                __aeabi_uldivmod
 .text          0x08007e58       0x60 c:/program files (x86)/gnu tools arm embedded/4.7 2013q3/bin/../lib/gcc/arm-none-eabi/4.7.4/armv7-m\libgcc.a(bpabi.o)
                0x08007e58                __gnu_ldivmod_helper
                0x08007e88                __gnu_uldivmod_helper
 .text          0x08007eb8        0x4 c:/program files (x86)/gnu tools arm embedded/4.7 2013q3/bin/../lib/gcc/arm-none-eabi/4.7.4/armv7-m\libgcc.a(_dvmd_tls.o)
                0x08007eb8                __aeabi_idiv0
                0x08007eb8                __aeabi_ldiv0
 .text          0x08007ebc      0x2bc c:/program files (x86)/gnu tools arm embedded/4.7 2013q3/bin/../lib/gcc/arm-none-eabi/4.7.4/armv7-m\libgcc.a(_divdi3.o)
                0x08007ebc                __divdi3
 .text          0x08008178      0x28c c:/program files (x86)/gnu tools arm embedded/4.7 2013q3/bin/../lib/gcc/arm-none-eabi/4.7.4/armv7-m\libgcc.a(_udivdi3.o)
                0x08008178                __udivdi3
 *(.init)
 *(.fini)
 *crtbegin.o(.ctors)
 *crtbegin?.o(.ctors)
 *(EXCLUDE_FILE(*crtend.o *crtend?.o) .ctors)
 *(SORT(.ctors.*))
 *(.ctors)
 *crtbegin.o(.dtors)
 *crtbegin?.o(.dtors)
 *(EXCLUDE_FILE(*crtend.o *crtend?.o) .dtors)
 *(SORT(.dtors.*))
 *(.dtors)
 *(.rodata*)
 .rodata        0x08008404       0xe4 ..\obj\memoryGame.o
 .rodata        0x080084e8      0x5f0 ..\obj\AsciiLib.o
 .rodata.str1.4
                0x08008ad8       0x42 c:/program files (x86)/gnu tools arm embedded/4.7 2013q3/bin/../lib/gcc/arm-none-eabi/4.7.4/../../../../arm-none-eabi/lib/armv7-m\libc.a(lib_a-svfprintf.o)
                                 0x44 (size before relaxing)
 *fill*         0x08008b1a        0x2 00
 .rodata.zeroes.6721
                0x08008b1c       0x10 c:/program files (x86)/gnu tools arm embedded/4.7 2013q3/bin/../lib/gcc/arm-none-eabi/4.7.4/../../../../arm-none-eabi/lib/armv7-m\libc.a(lib_a-svfprintf.o)
 .rodata.blanks.6720
                0x08008b2c       0x10 c:/program files (x86)/gnu tools arm embedded/4.7 2013q3/bin/../lib/gcc/arm-none-eabi/4.7.4/../../../../arm-none-eabi/lib/armv7-m\libc.a(lib_a-svfprintf.o)
 .rodata.str1.4
                0x08008b3c       0x10 c:/program files (x86)/gnu tools arm embedded/4.7 2013q3/bin/../lib/gcc/arm-none-eabi/4.7.4/../../../../arm-none-eabi/lib/armv7-m\libc.a(lib_a-dtoa.o)
                                 0x14 (size before relaxing)
 .rodata.str1.4
                0x08008b4c        0x2 c:/program files (x86)/gnu tools arm embedded/4.7 2013q3/bin/../lib/gcc/arm-none-eabi/4.7.4/../../../../arm-none-eabi/lib/armv7-m\libc.a(lib_a-impure.o)
                                  0x4 (size before relaxing)
 *fill*         0x08008b4e        0x2 00
 .rodata.str1.4
                0x08008b50        0xc c:/program files (x86)/gnu tools arm embedded/4.7 2013q3/bin/../lib/gcc/arm-none-eabi/4.7.4/../../../../arm-none-eabi/lib/armv7-m\libc.a(lib_a-locale.o)
                                 0x14 (size before relaxing)
 .rodata.p05.5242
                0x08008b5c        0xc c:/program files (x86)/gnu tools arm embedded/4.7 2013q3/bin/../lib/gcc/arm-none-eabi/4.7.4/../../../../arm-none-eabi/lib/armv7-m\libc.a(lib_a-mprec.o)
 .rodata.__mprec_tens
                0x08008b68       0xc8 c:/program files (x86)/gnu tools arm embedded/4.7 2013q3/bin/../lib/gcc/arm-none-eabi/4.7.4/../../../../arm-none-eabi/lib/armv7-m\libc.a(lib_a-mprec.o)
                0x08008b68                __mprec_tens
 .rodata.__mprec_bigtens
                0x08008c30       0x28 c:/program files (x86)/gnu tools arm embedded/4.7 2013q3/bin/../lib/gcc/arm-none-eabi/4.7.4/../../../../arm-none-eabi/lib/armv7-m\libc.a(lib_a-mprec.o)
                0x08008c30                __mprec_bigtens
 *(.eh_fram e*)

.glue_7         0x08008c58        0x0
 .glue_7        0x00000000        0x0 linker stubs

.glue_7t        0x08008c58        0x0
 .glue_7t       0x00000000        0x0 linker stubs

.vfp11_veneer   0x08008c58        0x0
 .vfp11_veneer  0x00000000        0x0 linker stubs

.v4_bx          0x08008c58        0x0
 .v4_bx         0x00000000        0x0 linker stubs

.iplt           0x08008c58        0x0
 .iplt          0x00000000        0x0 ..\obj\stm32f10x_rtc.o

.ARM.extab
 *(.ARM.extab* .gnu.linkonce.armextab.*)
                0x08008c58                __exidx_start = .

.ARM.exidx      0x08008c58        0x8
 *(.ARM.exidx* .gnu.linkonce.armexidx.*)
 .ARM.exidx     0x08008c58        0x8 c:/program files (x86)/gnu tools arm embedded/4.7 2013q3/bin/../lib/gcc/arm-none-eabi/4.7.4/armv7-m\libgcc.a(_divdi3.o)
 .ARM.exidx     0x08008c60        0x0 c:/program files (x86)/gnu tools arm embedded/4.7 2013q3/bin/../lib/gcc/arm-none-eabi/4.7.4/armv7-m\libgcc.a(_udivdi3.o)
                                  0x8 (size before relaxing)
                0x08008c60                __exidx_end = .
                0x08008c60                __etext = .
                0x08008c60                _sidata = __etext

.rel.dyn        0x08008c60        0x0
 .rel.iplt      0x00000000        0x0 ..\obj\stm32f10x_rtc.o

.data           0x20000000      0x88c load address 0x08008c60
                0x20000000                __data_start__ = .
                0x20000000                _sdata = __data_start__
 *(vtable)
 *(.data*)
 .data          0x20000000        0x2 ..\obj\memoryGame.o
                0x20000000                sequence_Length
 *fill*         0x20000002        0x2 00
 .data          0x20000004       0x14 ..\obj\stm32f10x_rcc.o
 .data.__malloc_av_
                0x20000018      0x408 c:/program files (x86)/gnu tools arm embedded/4.7 2013q3/bin/../lib/gcc/arm-none-eabi/4.7.4/../../../../arm-none-eabi/lib/armv7-m\libc.a(lib_a-mallocr.o)
                0x20000018                __malloc_av_
 .data.__malloc_trim_threshold
                0x20000420        0x4 c:/program files (x86)/gnu tools arm embedded/4.7 2013q3/bin/../lib/gcc/arm-none-eabi/4.7.4/../../../../arm-none-eabi/lib/armv7-m\libc.a(lib_a-mallocr.o)
                0x20000420                __malloc_trim_threshold
 .data.__malloc_sbrk_base
                0x20000424        0x4 c:/program files (x86)/gnu tools arm embedded/4.7 2013q3/bin/../lib/gcc/arm-none-eabi/4.7.4/../../../../arm-none-eabi/lib/armv7-m\libc.a(lib_a-mallocr.o)
                0x20000424                __malloc_sbrk_base
 .data.impure_data
                0x20000428      0x428 c:/program files (x86)/gnu tools arm embedded/4.7 2013q3/bin/../lib/gcc/arm-none-eabi/4.7.4/../../../../arm-none-eabi/lib/armv7-m\libc.a(lib_a-impure.o)
 .data._impure_ptr
                0x20000850        0x4 c:/program files (x86)/gnu tools arm embedded/4.7 2013q3/bin/../lib/gcc/arm-none-eabi/4.7.4/../../../../arm-none-eabi/lib/armv7-m\libc.a(lib_a-impure.o)
                0x20000850                _impure_ptr
 .data.lconv    0x20000854       0x38 c:/program files (x86)/gnu tools arm embedded/4.7 2013q3/bin/../lib/gcc/arm-none-eabi/4.7.4/../../../../arm-none-eabi/lib/armv7-m\libc.a(lib_a-locale.o)
                0x2000088c                . = ALIGN (0x4)
                0x2000088c                PROVIDE (__preinit_array_start, .)
 *(.preinit_array)
                0x2000088c                PROVIDE (__preinit_array_end, .)
                0x2000088c                . = ALIGN (0x4)
                0x2000088c                PROVIDE (__init_array_start, .)
 *(SORT(.init_array.*))
 *(.init_array)
                0x2000088c                PROVIDE (__init_array_end, .)
                0x2000088c                . = ALIGN (0x4)
                0x2000088c                PROVIDE (__fini_array_start, .)
 *(SORT(.fini_array.*))
 *(.fini_array)
                0x2000088c                PROVIDE (__fini_array_end, .)
 *(.jcr*)
                0x2000088c                . = ALIGN (0x4)
                0x2000088c                __data_end__ = .
                0x2000088c                _edata = __data_end__

.igot.plt       0x2000088c        0x0 load address 0x080094ec
 .igot.plt      0x00000000        0x0 ..\obj\stm32f10x_rtc.o

.bss            0x2000088c       0x64 load address 0x080094ec
                0x2000088c                . = ALIGN (0x4)
                0x2000088c                __bss_start__ = .
                0x2000088c                _sbss = __bss_start__
 *(.bss*)
 .bss           0x2000088c        0x2 ..\obj\memoryGame.o
                0x2000088c                good_Moves_In_A_Row
 *fill*         0x2000088e        0x2 00
 .bss           0x20000890        0x8 ..\obj\GLCD_SG.o
 .bss           0x20000898        0x4 ..\obj\syscalls.o
 .bss           0x2000089c        0x4 ..\obj\systick.o
 .bss.__malloc_max_total_mem
                0x200008a0        0x4 c:/program files (x86)/gnu tools arm embedded/4.7 2013q3/bin/../lib/gcc/arm-none-eabi/4.7.4/../../../../arm-none-eabi/lib/armv7-m\libc.a(lib_a-mallocr.o)
                0x200008a0                __malloc_max_total_mem
 .bss.__malloc_max_sbrked_mem
                0x200008a4        0x4 c:/program files (x86)/gnu tools arm embedded/4.7 2013q3/bin/../lib/gcc/arm-none-eabi/4.7.4/../../../../arm-none-eabi/lib/armv7-m\libc.a(lib_a-mallocr.o)
                0x200008a4                __malloc_max_sbrked_mem
 .bss.__malloc_top_pad
                0x200008a8        0x4 c:/program files (x86)/gnu tools arm embedded/4.7 2013q3/bin/../lib/gcc/arm-none-eabi/4.7.4/../../../../arm-none-eabi/lib/armv7-m\libc.a(lib_a-mallocr.o)
                0x200008a8                __malloc_top_pad
 .bss.__malloc_current_mallinfo
                0x200008ac       0x28 c:/program files (x86)/gnu tools arm embedded/4.7 2013q3/bin/../lib/gcc/arm-none-eabi/4.7.4/../../../../arm-none-eabi/lib/armv7-m\libc.a(lib_a-mallocr.o)
                0x200008ac                __malloc_current_mallinfo
 *(COMMON)
 COMMON         0x200008d4       0x18 ..\obj\adc.o
                0x200008d4                ADC_InitStructure
                0x200008e8                GPIO_InitStructure
 COMMON         0x200008ec        0x4 c:/program files (x86)/gnu tools arm embedded/4.7 2013q3/bin/../lib/gcc/arm-none-eabi/4.7.4/../../../../arm-none-eabi/lib/armv7-m\libc.a(lib_a-reent.o)
                0x200008ec                errno
                0x200008f0                . = ALIGN (0x4)
                0x200008f0                __bss_end__ = .
                0x200008f0                _ebss = __bss_end__

.heap           0x200008f0        0x0
                0x200008f0                __end__ = .
                0x200008f0                _end = __end__
                0x200008f0                end = __end__
 *(.heap*)
                0x200008f0                __HeapLimit = .

.co_stack       0x200008f0      0x400 load address 0x08009550
                0x200008f0                . = ALIGN (0x8)
 *(.co_stack .co_stack.*)
 .co_stack      0x200008f0      0x400 ..\obj\startup_stm32f10x_hd.o
                0x200008f0                pulStack
                0x20010000                __StackTop = (ORIGIN (ram) + 0x10000)
                0x2000fc00                __StackLimit = (__StackTop - SIZEOF (.co_stack))
                0x20010000                PROVIDE (__stack, __StackTop)
                0x00000001                ASSERT ((__StackLimit >= __HeapLimit), region ram  overflowed with stack)
LOAD ..\obj\stm32f10x_rtc.o
LOAD ..\obj\memoryGame.o
LOAD ..\obj\GLCD_SG.o
LOAD ..\obj\system_stm32f10x.o
LOAD ..\obj\startup_stm32f10x_hd.o
LOAD ..\obj\stm32f10x_fsmc.o
LOAD ..\obj\stm32f10x_pwr.o
LOAD ..\obj\stm32f10x_gpio.o
LOAD ..\obj\main.o
LOAD ..\obj\AsciiLib.o
LOAD ..\obj\stm32f10x_rcc.o
LOAD ..\obj\gpio.o
LOAD ..\obj\stm32f10x_adc.o
LOAD ..\obj\stm32f10x_usart.o
LOAD ..\obj\syscalls.o
LOAD ..\obj\adc.o
LOAD ..\obj\joystick.o
LOAD ..\obj\touchPanel.o
LOAD ..\obj\misc.o
LOAD ..\obj\stm32f10x_spi.o
LOAD ..\obj\systick.o
LOAD ..\obj\stm32f10x_systick.o
LOAD c:/program files (x86)/gnu tools arm embedded/4.7 2013q3/bin/../lib/gcc/arm-none-eabi/4.7.4/../../../../arm-none-eabi/lib/armv7-m\libm.a
LOAD c:/program files (x86)/gnu tools arm embedded/4.7 2013q3/bin/../lib/gcc/arm-none-eabi/4.7.4/armv7-m\libgcc.a
LOAD c:/program files (x86)/gnu tools arm embedded/4.7 2013q3/bin/../lib/gcc/arm-none-eabi/4.7.4/../../../../arm-none-eabi/lib/armv7-m\libc.a
START GROUP
LOAD c:/program files (x86)/gnu tools arm embedded/4.7 2013q3/bin/../lib/gcc/arm-none-eabi/4.7.4/armv7-m\libgcc.a
LOAD c:/program files (x86)/gnu tools arm embedded/4.7 2013q3/bin/../lib/gcc/arm-none-eabi/4.7.4/../../../../arm-none-eabi/lib/armv7-m\libg.a
LOAD c:/program files (x86)/gnu tools arm embedded/4.7 2013q3/bin/../lib/gcc/arm-none-eabi/4.7.4/../../../../arm-none-eabi/lib/armv7-m\libc.a
END GROUP
OUTPUT(MemoryGame.elf elf32-littlearm)

.debug_info     0x00000000     0x5143
 .debug_info    0x00000000      0x314 ..\obj\memoryGame.o
 .debug_info    0x00000314      0xa7f ..\obj\GLCD_SG.o
 .debug_info    0x00000d93      0x4b8 ..\obj\system_stm32f10x.o
 .debug_info    0x0000124b       0xff ..\obj\startup_stm32f10x_hd.o
 .debug_info    0x0000134a      0x9b0 ..\obj\stm32f10x_fsmc.o
 .debug_info    0x00001cfa      0x739 ..\obj\stm32f10x_gpio.o
 .debug_info    0x00002433      0x143 ..\obj\main.o
 .debug_info    0x00002576       0xe6 ..\obj\AsciiLib.o
 .debug_info    0x0000265c      0x925 ..\obj\stm32f10x_rcc.o
 .debug_info    0x00002f81      0xc36 ..\obj\stm32f10x_adc.o
 .debug_info    0x00003bb7      0x443 ..\obj\syscalls.o
 .debug_info    0x00003ffa      0x491 ..\obj\adc.o
 .debug_info    0x0000448b      0x24b ..\obj\joystick.o
 .debug_info    0x000046d6      0x592 ..\obj\misc.o
 .debug_info    0x00004c68      0x291 ..\obj\systick.o
 .debug_info    0x00004ef9      0x24a ..\obj\stm32f10x_systick.o

.debug_abbrev   0x00000000     0x1387
 .debug_abbrev  0x00000000      0x133 ..\obj\memoryGame.o
 .debug_abbrev  0x00000133      0x226 ..\obj\GLCD_SG.o
 .debug_abbrev  0x00000359      0x14e ..\obj\system_stm32f10x.o
 .debug_abbrev  0x000004a7       0xa9 ..\obj\startup_stm32f10x_hd.o
 .debug_abbrev  0x00000550      0x172 ..\obj\stm32f10x_fsmc.o
 .debug_abbrev  0x000006c2      0x1ca ..\obj\stm32f10x_gpio.o
 .debug_abbrev  0x0000088c       0x8e ..\obj\main.o
 .debug_abbrev  0x0000091a       0x84 ..\obj\AsciiLib.o
 .debug_abbrev  0x0000099e      0x1bc ..\obj\stm32f10x_rcc.o
 .debug_abbrev  0x00000b5a      0x19a ..\obj\stm32f10x_adc.o
 .debug_abbrev  0x00000cf4       0xe4 ..\obj\syscalls.o
 .debug_abbrev  0x00000dd8      0x134 ..\obj\adc.o
 .debug_abbrev  0x00000f0c      0x10b ..\obj\joystick.o
 .debug_abbrev  0x00001017      0x129 ..\obj\misc.o
 .debug_abbrev  0x00001140      0x110 ..\obj\systick.o
 .debug_abbrev  0x00001250      0x137 ..\obj\stm32f10x_systick.o

.debug_loc      0x00000000     0x25d6
 .debug_loc     0x00000000      0x1f8 ..\obj\memoryGame.o
 .debug_loc     0x000001f8      0x55e ..\obj\GLCD_SG.o
 .debug_loc     0x00000756       0xc8 ..\obj\system_stm32f10x.o
 .debug_loc     0x0000081e       0x64 ..\obj\startup_stm32f10x_hd.o
 .debug_loc     0x00000882      0x41c ..\obj\stm32f10x_fsmc.o
 .debug_loc     0x00000c9e      0x3e4 ..\obj\stm32f10x_gpio.o
 .debug_loc     0x00001082       0x38 ..\obj\main.o
 .debug_loc     0x000010ba       0x38 ..\obj\AsciiLib.o
 .debug_loc     0x000010f2      0x6dc ..\obj\stm32f10x_rcc.o
 .debug_loc     0x000017ce      0x7d4 ..\obj\stm32f10x_adc.o
 .debug_loc     0x00001fa2      0x1ec ..\obj\syscalls.o
 .debug_loc     0x0000218e       0x70 ..\obj\adc.o
 .debug_loc     0x000021fe       0x70 ..\obj\joystick.o
 .debug_loc     0x0000226e      0x118 ..\obj\misc.o
 .debug_loc     0x00002386      0x144 ..\obj\systick.o
 .debug_loc     0x000024ca      0x10c ..\obj\stm32f10x_systick.o

.debug_aranges  0x00000000      0x708
 .debug_aranges
                0x00000000       0x60 ..\obj\memoryGame.o
 .debug_aranges
                0x00000060       0xe8 ..\obj\GLCD_SG.o
 .debug_aranges
                0x00000148       0x38 ..\obj\system_stm32f10x.o
 .debug_aranges
                0x00000180       0x28 ..\obj\startup_stm32f10x_hd.o
 .debug_aranges
                0x000001a8       0xb0 ..\obj\stm32f10x_fsmc.o
 .debug_aranges
                0x00000258       0xa8 ..\obj\stm32f10x_gpio.o
 .debug_aranges
                0x00000300       0x20 ..\obj\main.o
 .debug_aranges
                0x00000320       0x20 ..\obj\AsciiLib.o
 .debug_aranges
                0x00000340      0x118 ..\obj\stm32f10x_rcc.o
 .debug_aranges
                0x00000458      0x138 ..\obj\stm32f10x_adc.o
 .debug_aranges
                0x00000590       0x60 ..\obj\syscalls.o
 .debug_aranges
                0x000005f0       0x28 ..\obj\adc.o
 .debug_aranges
                0x00000618       0x28 ..\obj\joystick.o
 .debug_aranges
                0x00000640       0x40 ..\obj\misc.o
 .debug_aranges
                0x00000680       0x48 ..\obj\systick.o
 .debug_aranges
                0x000006c8       0x40 ..\obj\stm32f10x_systick.o

.debug_ranges   0x00000000      0x608
 .debug_ranges  0x00000000       0x50 ..\obj\memoryGame.o
 .debug_ranges  0x00000050       0xd8 ..\obj\GLCD_SG.o
 .debug_ranges  0x00000128       0x28 ..\obj\system_stm32f10x.o
 .debug_ranges  0x00000150       0x18 ..\obj\startup_stm32f10x_hd.o
 .debug_ranges  0x00000168       0xa0 ..\obj\stm32f10x_fsmc.o
 .debug_ranges  0x00000208       0x98 ..\obj\stm32f10x_gpio.o
 .debug_ranges  0x000002a0       0x10 ..\obj\main.o
 .debug_ranges  0x000002b0       0x10 ..\obj\AsciiLib.o
 .debug_ranges  0x000002c0      0x108 ..\obj\stm32f10x_rcc.o
 .debug_ranges  0x000003c8      0x128 ..\obj\stm32f10x_adc.o
 .debug_ranges  0x000004f0       0x50 ..\obj\syscalls.o
 .debug_ranges  0x00000540       0x18 ..\obj\adc.o
 .debug_ranges  0x00000558       0x18 ..\obj\joystick.o
 .debug_ranges  0x00000570       0x30 ..\obj\misc.o
 .debug_ranges  0x000005a0       0x38 ..\obj\systick.o
 .debug_ranges  0x000005d8       0x30 ..\obj\stm32f10x_systick.o

.debug_line     0x00000000     0x2b3e
 .debug_line    0x00000000      0x345 ..\obj\memoryGame.o
 .debug_line    0x00000345      0x564 ..\obj\GLCD_SG.o
 .debug_line    0x000008a9      0x1f4 ..\obj\system_stm32f10x.o
 .debug_line    0x00000a9d       0xae ..\obj\startup_stm32f10x_hd.o
 .debug_line    0x00000b4b      0x442 ..\obj\stm32f10x_fsmc.o
 .debug_line    0x00000f8d      0x39c ..\obj\stm32f10x_gpio.o
 .debug_line    0x00001329      0x151 ..\obj\main.o
 .debug_line    0x0000147a       0x82 ..\obj\AsciiLib.o
 .debug_line    0x000014fc      0x4aa ..\obj\stm32f10x_rcc.o
 .debug_line    0x000019a6      0x510 ..\obj\stm32f10x_adc.o
 .debug_line    0x00001eb6      0x1b0 ..\obj\syscalls.o
 .debug_line    0x00002066      0x23d ..\obj\adc.o
 .debug_line    0x000022a3      0x21d ..\obj\joystick.o
 .debug_line    0x000024c0      0x231 ..\obj\misc.o
 .debug_line    0x000026f1      0x260 ..\obj\systick.o
 .debug_line    0x00002951      0x1ed ..\obj\stm32f10x_systick.o

.debug_str      0x00000000     0x20d4
 .debug_str     0x00000000      0x265 ..\obj\memoryGame.o
                                0x2ac (size before relaxing)
 .debug_str     0x00000265      0x5ed ..\obj\GLCD_SG.o
                                0x711 (size before relaxing)
 .debug_str     0x00000852      0x188 ..\obj\system_stm32f10x.o
                                0x2a6 (size before relaxing)
 .debug_str     0x000009da       0xbc ..\obj\startup_stm32f10x_hd.o
                                0x120 (size before relaxing)
 .debug_str     0x00000a96      0x41f ..\obj\stm32f10x_fsmc.o
                                0x73b (size before relaxing)
 .debug_str     0x00000eb5      0x272 ..\obj\stm32f10x_gpio.o
                                0x4d0 (size before relaxing)
 .debug_str     0x00001127       0x48 ..\obj\main.o
                                0x1e2 (size before relaxing)
 .debug_str     0x0000116f       0x73 ..\obj\AsciiLib.o
                                0x14e (size before relaxing)
 .debug_str     0x000011e2      0x3f4 ..\obj\stm32f10x_rcc.o
                                0x5d1 (size before relaxing)
 .debug_str     0x000015d6      0x54c ..\obj\stm32f10x_adc.o
                                0x6b2 (size before relaxing)
 .debug_str     0x00001b22      0x16c ..\obj\syscalls.o
                                0x2b4 (size before relaxing)
 .debug_str     0x00001c8e       0x6e ..\obj\adc.o
                                0x3f8 (size before relaxing)
 .debug_str     0x00001cfc       0x5e ..\obj\joystick.o
                                0x2a2 (size before relaxing)
 .debug_str     0x00001d5a      0x1f7 ..\obj\misc.o
                                0x380 (size before relaxing)
 .debug_str     0x00001f51       0xbb ..\obj\systick.o
                                0x24f (size before relaxing)
 .debug_str     0x0000200c       0xc8 ..\obj\stm32f10x_systick.o
                                0x235 (size before relaxing)

.comment        0x00000000       0x70
 .comment       0x00000000       0x70 ..\obj\memoryGame.o
                                 0x71 (size before relaxing)
 .comment       0x00000000       0x71 ..\obj\GLCD_SG.o
 .comment       0x00000000       0x71 ..\obj\system_stm32f10x.o
 .comment       0x00000000       0x71 ..\obj\startup_stm32f10x_hd.o
 .comment       0x00000000       0x71 ..\obj\stm32f10x_fsmc.o
 .comment       0x00000000       0x71 ..\obj\stm32f10x_gpio.o
 .comment       0x00000000       0x71 ..\obj\main.o
 .comment       0x00000000       0x71 ..\obj\AsciiLib.o
 .comment       0x00000000       0x71 ..\obj\stm32f10x_rcc.o
 .comment       0x00000000       0x71 ..\obj\stm32f10x_adc.o
 .comment       0x00000000       0x71 ..\obj\syscalls.o
 .comment       0x00000000       0x71 ..\obj\adc.o
 .comment       0x00000000       0x71 ..\obj\joystick.o
 .comment       0x00000000       0x71 ..\obj\misc.o
 .comment       0x00000000       0x71 ..\obj\systick.o
 .comment       0x00000000       0x71 ..\obj\stm32f10x_systick.o

.ARM.attributes
                0x00000000       0x33
 .ARM.attributes
                0x00000000       0x33 ..\obj\memoryGame.o
 .ARM.attributes
                0x00000033       0x33 ..\obj\GLCD_SG.o
 .ARM.attributes
                0x00000066       0x33 ..\obj\system_stm32f10x.o
 .ARM.attributes
                0x00000099       0x33 ..\obj\startup_stm32f10x_hd.o
 .ARM.attributes
                0x000000cc       0x33 ..\obj\stm32f10x_fsmc.o
 .ARM.attributes
                0x000000ff       0x33 ..\obj\stm32f10x_gpio.o
 .ARM.attributes
                0x00000132       0x33 ..\obj\main.o
 .ARM.attributes
                0x00000165       0x33 ..\obj\AsciiLib.o
 .ARM.attributes
                0x00000198       0x33 ..\obj\stm32f10x_rcc.o
 .ARM.attributes
                0x000001cb       0x33 ..\obj\stm32f10x_adc.o
 .ARM.attributes
                0x000001fe       0x33 ..\obj\syscalls.o
 .ARM.attributes
                0x00000231       0x33 ..\obj\adc.o
 .ARM.attributes
                0x00000264       0x33 ..\obj\joystick.o
 .ARM.attributes
                0x00000297       0x33 ..\obj\misc.o
 .ARM.attributes
                0x000002ca       0x33 ..\obj\systick.o
 .ARM.attributes
                0x000002fd       0x33 ..\obj\stm32f10x_systick.o
 .ARM.attributes
                0x00000330       0x1d c:/program files (x86)/gnu tools arm embedded/4.7 2013q3/bin/../lib/gcc/arm-none-eabi/4.7.4/armv7-m\libgcc.a(_arm_addsubdf3.o)
 .ARM.attributes
                0x0000034d       0x1d c:/program files (x86)/gnu tools arm embedded/4.7 2013q3/bin/../lib/gcc/arm-none-eabi/4.7.4/armv7-m\libgcc.a(_arm_muldivdf3.o)
 .ARM.attributes
                0x0000036a       0x1d c:/program files (x86)/gnu tools arm embedded/4.7 2013q3/bin/../lib/gcc/arm-none-eabi/4.7.4/armv7-m\libgcc.a(_arm_cmpdf2.o)
 .ARM.attributes
                0x00000387       0x1d c:/program files (x86)/gnu tools arm embedded/4.7 2013q3/bin/../lib/gcc/arm-none-eabi/4.7.4/armv7-m\libgcc.a(_arm_fixdfsi.o)
 .ARM.attributes
                0x000003a4       0x1d c:/program files (x86)/gnu tools arm embedded/4.7 2013q3/bin/../lib/gcc/arm-none-eabi/4.7.4/armv7-m\libgcc.a(_arm_fixunsdfsi.o)
 .ARM.attributes
                0x000003c1       0x2d c:/program files (x86)/gnu tools arm embedded/4.7 2013q3/bin/../lib/gcc/arm-none-eabi/4.7.4/../../../../arm-none-eabi/lib/armv7-m\libc.a(lib_a-malloc.o)
 .ARM.attributes
                0x000003ee       0x2d c:/program files (x86)/gnu tools arm embedded/4.7 2013q3/bin/../lib/gcc/arm-none-eabi/4.7.4/../../../../arm-none-eabi/lib/armv7-m\libc.a(lib_a-mallocr.o)
 .ARM.attributes
                0x0000041b       0x2d c:/program files (x86)/gnu tools arm embedded/4.7 2013q3/bin/../lib/gcc/arm-none-eabi/4.7.4/../../../../arm-none-eabi/lib/armv7-m\libc.a(lib_a-memset.o)
 .ARM.attributes
                0x00000448       0x2d c:/program files (x86)/gnu tools arm embedded/4.7 2013q3/bin/../lib/gcc/arm-none-eabi/4.7.4/../../../../arm-none-eabi/lib/armv7-m\libc.a(lib_a-mlock.o)
 .ARM.attributes
                0x00000475       0x2d c:/program files (x86)/gnu tools arm embedded/4.7 2013q3/bin/../lib/gcc/arm-none-eabi/4.7.4/../../../../arm-none-eabi/lib/armv7-m\libc.a(lib_a-rand.o)
 .ARM.attributes
                0x000004a2       0x2d c:/program files (x86)/gnu tools arm embedded/4.7 2013q3/bin/../lib/gcc/arm-none-eabi/4.7.4/../../../../arm-none-eabi/lib/armv7-m\libc.a(lib_a-sbrkr.o)
 .ARM.attributes
                0x000004cf       0x2d c:/program files (x86)/gnu tools arm embedded/4.7 2013q3/bin/../lib/gcc/arm-none-eabi/4.7.4/../../../../arm-none-eabi/lib/armv7-m\libc.a(lib_a-sprintf.o)
 .ARM.attributes
                0x000004fc       0x2d c:/program files (x86)/gnu tools arm embedded/4.7 2013q3/bin/../lib/gcc/arm-none-eabi/4.7.4/../../../../arm-none-eabi/lib/armv7-m\libc.a(lib_a-svfprintf.o)
 .ARM.attributes
                0x00000529       0x2d c:/program files (x86)/gnu tools arm embedded/4.7 2013q3/bin/../lib/gcc/arm-none-eabi/4.7.4/../../../../arm-none-eabi/lib/armv7-m\libc.a(lib_a-dtoa.o)
 .ARM.attributes
                0x00000556       0x2d c:/program files (x86)/gnu tools arm embedded/4.7 2013q3/bin/../lib/gcc/arm-none-eabi/4.7.4/../../../../arm-none-eabi/lib/armv7-m\libc.a(lib_a-freer.o)
 .ARM.attributes
                0x00000583       0x2d c:/program files (x86)/gnu tools arm embedded/4.7 2013q3/bin/../lib/gcc/arm-none-eabi/4.7.4/../../../../arm-none-eabi/lib/armv7-m\libc.a(lib_a-impure.o)
 .ARM.attributes
                0x000005b0       0x2d c:/program files (x86)/gnu tools arm embedded/4.7 2013q3/bin/../lib/gcc/arm-none-eabi/4.7.4/../../../../arm-none-eabi/lib/armv7-m\libc.a(lib_a-locale.o)
 .ARM.attributes
                0x000005dd       0x2d c:/program files (x86)/gnu tools arm embedded/4.7 2013q3/bin/../lib/gcc/arm-none-eabi/4.7.4/../../../../arm-none-eabi/lib/armv7-m\libc.a(lib_a-memchr.o)
 .ARM.attributes
                0x0000060a       0x2d c:/program files (x86)/gnu tools arm embedded/4.7 2013q3/bin/../lib/gcc/arm-none-eabi/4.7.4/../../../../arm-none-eabi/lib/armv7-m\libc.a(lib_a-memcpy.o)
 .ARM.attributes
                0x00000637       0x2d c:/program files (x86)/gnu tools arm embedded/4.7 2013q3/bin/../lib/gcc/arm-none-eabi/4.7.4/../../../../arm-none-eabi/lib/armv7-m\libc.a(lib_a-mprec.o)
 .ARM.attributes
                0x00000664       0x2d c:/program files (x86)/gnu tools arm embedded/4.7 2013q3/bin/../lib/gcc/arm-none-eabi/4.7.4/../../../../arm-none-eabi/lib/armv7-m\libc.a(lib_a-reent.o)
 .ARM.attributes
                0x00000691       0x2d c:/program files (x86)/gnu tools arm embedded/4.7 2013q3/bin/../lib/gcc/arm-none-eabi/4.7.4/../../../../arm-none-eabi/lib/armv7-m\libc.a(lib_a-s_fpclassify.o)
 .ARM.attributes
                0x000006be       0x2d c:/program files (x86)/gnu tools arm embedded/4.7 2013q3/bin/../lib/gcc/arm-none-eabi/4.7.4/../../../../arm-none-eabi/lib/armv7-m\libc.a(lib_a-strlen.o)
 .ARM.attributes
                0x000006eb       0x2d c:/program files (x86)/gnu tools arm embedded/4.7 2013q3/bin/../lib/gcc/arm-none-eabi/4.7.4/../../../../arm-none-eabi/lib/armv7-m\libc.a(lib_a-svfiprintf.o)
 .ARM.attributes
                0x00000718       0x2d c:/program files (x86)/gnu tools arm embedded/4.7 2013q3/bin/../lib/gcc/arm-none-eabi/4.7.4/../../../../arm-none-eabi/lib/armv7-m\libc.a(lib_a-callocr.o)
 .ARM.attributes
                0x00000745       0x2d c:/program files (x86)/gnu tools arm embedded/4.7 2013q3/bin/../lib/gcc/arm-none-eabi/4.7.4/../../../../arm-none-eabi/lib/armv7-m\libc.a(lib_a-memmove.o)
 .ARM.attributes
                0x00000772       0x2d c:/program files (x86)/gnu tools arm embedded/4.7 2013q3/bin/../lib/gcc/arm-none-eabi/4.7.4/../../../../arm-none-eabi/lib/armv7-m\libc.a(lib_a-reallocr.o)
 .ARM.attributes
                0x0000079f       0x1d c:/program files (x86)/gnu tools arm embedded/4.7 2013q3/bin/../lib/gcc/arm-none-eabi/4.7.4/armv7-m\libgcc.a(_aeabi_uldivmod.o)
 .ARM.attributes
                0x000007bc       0x2d c:/program files (x86)/gnu tools arm embedded/4.7 2013q3/bin/../lib/gcc/arm-none-eabi/4.7.4/armv7-m\libgcc.a(bpabi.o)
 .ARM.attributes
                0x000007e9       0x1d c:/program files (x86)/gnu tools arm embedded/4.7 2013q3/bin/../lib/gcc/arm-none-eabi/4.7.4/armv7-m\libgcc.a(_dvmd_tls.o)
 .ARM.attributes
                0x00000806       0x2d c:/program files (x86)/gnu tools arm embedded/4.7 2013q3/bin/../lib/gcc/arm-none-eabi/4.7.4/armv7-m\libgcc.a(_divdi3.o)
 .ARM.attributes
                0x00000833       0x2d c:/program files (x86)/gnu tools arm embedded/4.7 2013q3/bin/../lib/gcc/arm-none-eabi/4.7.4/armv7-m\libgcc.a(_udivdi3.o)

.debug_frame    0x00000000     0x1ce8
 .debug_frame   0x00000000      0x12c ..\obj\memoryGame.o
 .debug_frame   0x0000012c      0x32c ..\obj\GLCD_SG.o
 .debug_frame   0x00000458       0x80 ..\obj\system_stm32f10x.o
 .debug_frame   0x000004d8       0x48 ..\obj\startup_stm32f10x_hd.o
 .debug_frame   0x00000520      0x220 ..\obj\stm32f10x_fsmc.o
 .debug_frame   0x00000740      0x210 ..\obj\stm32f10x_gpio.o
 .debug_frame   0x00000950       0x30 ..\obj\main.o
 .debug_frame   0x00000980       0x30 ..\obj\AsciiLib.o
 .debug_frame   0x000009b0      0x388 ..\obj\stm32f10x_rcc.o
 .debug_frame   0x00000d38      0x400 ..\obj\stm32f10x_adc.o
 .debug_frame   0x00001138      0x108 ..\obj\syscalls.o
 .debug_frame   0x00001240       0x50 ..\obj\adc.o
 .debug_frame   0x00001290       0x50 ..\obj\joystick.o
 .debug_frame   0x000012e0       0x9c ..\obj\misc.o
 .debug_frame   0x0000137c       0xcc ..\obj\systick.o
 .debug_frame   0x00001448       0x98 ..\obj\stm32f10x_systick.o
 .debug_frame   0x000014e0       0x30 c:/program files (x86)/gnu tools arm embedded/4.7 2013q3/bin/../lib/gcc/arm-none-eabi/4.7.4/../../../../arm-none-eabi/lib/armv7-m\libc.a(lib_a-malloc.o)
 .debug_frame   0x00001510       0x38 c:/program files (x86)/gnu tools arm embedded/4.7 2013q3/bin/../lib/gcc/arm-none-eabi/4.7.4/../../../../arm-none-eabi/lib/armv7-m\libc.a(lib_a-mallocr.o)
 .debug_frame   0x00001548       0x2c c:/program files (x86)/gnu tools arm embedded/4.7 2013q3/bin/../lib/gcc/arm-none-eabi/4.7.4/../../../../arm-none-eabi/lib/armv7-m\libc.a(lib_a-memset.o)
 .debug_frame   0x00001574       0x30 c:/program files (x86)/gnu tools arm embedded/4.7 2013q3/bin/../lib/gcc/arm-none-eabi/4.7.4/../../../../arm-none-eabi/lib/armv7-m\libc.a(lib_a-mlock.o)
 .debug_frame   0x000015a4       0x38 c:/program files (x86)/gnu tools arm embedded/4.7 2013q3/bin/../lib/gcc/arm-none-eabi/4.7.4/../../../../arm-none-eabi/lib/armv7-m\libc.a(lib_a-rand.o)
 .debug_frame   0x000015dc       0x2c c:/program files (x86)/gnu tools arm embedded/4.7 2013q3/bin/../lib/gcc/arm-none-eabi/4.7.4/../../../../arm-none-eabi/lib/armv7-m\libc.a(lib_a-sbrkr.o)
 .debug_frame   0x00001608       0x64 c:/program files (x86)/gnu tools arm embedded/4.7 2013q3/bin/../lib/gcc/arm-none-eabi/4.7.4/../../../../arm-none-eabi/lib/armv7-m\libc.a(lib_a-sprintf.o)
 .debug_frame   0x0000166c       0x3c c:/program files (x86)/gnu tools arm embedded/4.7 2013q3/bin/../lib/gcc/arm-none-eabi/4.7.4/../../../../arm-none-eabi/lib/armv7-m\libc.a(lib_a-svfprintf.o)
 .debug_frame   0x000016a8       0x64 c:/program files (x86)/gnu tools arm embedded/4.7 2013q3/bin/../lib/gcc/arm-none-eabi/4.7.4/../../../../arm-none-eabi/lib/armv7-m\libc.a(lib_a-dtoa.o)
 .debug_frame   0x0000170c       0x50 c:/program files (x86)/gnu tools arm embedded/4.7 2013q3/bin/../lib/gcc/arm-none-eabi/4.7.4/../../../../arm-none-eabi/lib/armv7-m\libc.a(lib_a-freer.o)
 .debug_frame   0x0000175c       0xa0 c:/program files (x86)/gnu tools arm embedded/4.7 2013q3/bin/../lib/gcc/arm-none-eabi/4.7.4/../../../../arm-none-eabi/lib/armv7-m\libc.a(lib_a-locale.o)
 .debug_frame   0x000017fc       0x2c c:/program files (x86)/gnu tools arm embedded/4.7 2013q3/bin/../lib/gcc/arm-none-eabi/4.7.4/../../../../arm-none-eabi/lib/armv7-m\libc.a(lib_a-memchr.o)
 .debug_frame   0x00001828       0x30 c:/program files (x86)/gnu tools arm embedded/4.7 2013q3/bin/../lib/gcc/arm-none-eabi/4.7.4/../../../../arm-none-eabi/lib/armv7-m\libc.a(lib_a-memcpy.o)
 .debug_frame   0x00001858      0x238 c:/program files (x86)/gnu tools arm embedded/4.7 2013q3/bin/../lib/gcc/arm-none-eabi/4.7.4/../../../../arm-none-eabi/lib/armv7-m\libc.a(lib_a-mprec.o)
 .debug_frame   0x00001a90       0x6c c:/program files (x86)/gnu tools arm embedded/4.7 2013q3/bin/../lib/gcc/arm-none-eabi/4.7.4/../../../../arm-none-eabi/lib/armv7-m\libc.a(lib_a-reent.o)
 .debug_frame   0x00001afc       0x20 c:/program files (x86)/gnu tools arm embedded/4.7 2013q3/bin/../lib/gcc/arm-none-eabi/4.7.4/../../../../arm-none-eabi/lib/armv7-m\libc.a(lib_a-s_fpclassify.o)
 .debug_frame   0x00001b1c       0x20 c:/program files (x86)/gnu tools arm embedded/4.7 2013q3/bin/../lib/gcc/arm-none-eabi/4.7.4/../../../../arm-none-eabi/lib/armv7-m\libc.a(lib_a-strlen.o)
 .debug_frame   0x00001b3c       0x64 c:/program files (x86)/gnu tools arm embedded/4.7 2013q3/bin/../lib/gcc/arm-none-eabi/4.7.4/../../../../arm-none-eabi/lib/armv7-m\libc.a(lib_a-svfiprintf.o)
 .debug_frame   0x00001ba0       0x28 c:/program files (x86)/gnu tools arm embedded/4.7 2013q3/bin/../lib/gcc/arm-none-eabi/4.7.4/../../../../arm-none-eabi/lib/armv7-m\libc.a(lib_a-callocr.o)
 .debug_frame   0x00001bc8       0x30 c:/program files (x86)/gnu tools arm embedded/4.7 2013q3/bin/../lib/gcc/arm-none-eabi/4.7.4/../../../../arm-none-eabi/lib/armv7-m\libc.a(lib_a-memmove.o)
 .debug_frame   0x00001bf8       0x38 c:/program files (x86)/gnu tools arm embedded/4.7 2013q3/bin/../lib/gcc/arm-none-eabi/4.7.4/../../../../arm-none-eabi/lib/armv7-m\libc.a(lib_a-reallocr.o)
 .debug_frame   0x00001c30       0x50 c:/program files (x86)/gnu tools arm embedded/4.7 2013q3/bin/../lib/gcc/arm-none-eabi/4.7.4/armv7-m\libgcc.a(bpabi.o)
 .debug_frame   0x00001c80       0x34 c:/program files (x86)/gnu tools arm embedded/4.7 2013q3/bin/../lib/gcc/arm-none-eabi/4.7.4/armv7-m\libgcc.a(_divdi3.o)
 .debug_frame   0x00001cb4       0x34 c:/program files (x86)/gnu tools arm embedded/4.7 2013q3/bin/../lib/gcc/arm-none-eabi/4.7.4/armv7-m\libgcc.a(_udivdi3.o)
